trial 0 | epoch 0 | train_acc 0.4567 | valid_acc 0.4988 | asr 0.0000
trial 0 | epoch 20 | train_acc 0.9735 | valid_acc 0.7451 | asr 0.0000
trial 0 | epoch 40 | train_acc 0.9999 | valid_acc 0.8175 | asr 0.0000
trial 0 | epoch 60 | train_acc 1.0000 | valid_acc 0.8201 | asr 0.0000
trial 0 | epoch 80 | train_acc 1.0000 | valid_acc 0.8195 | asr 0.0000
trial 0 | epoch 100 | train_acc 1.0000 | valid_acc 0.8202 | asr 0.0000
trial 0 | epoch 120 | train_acc 1.0000 | valid_acc 0.8191 | asr 0.0000
trial 0 | epoch 140 | train_acc 1.0000 | valid_acc 0.8214 | asr 0.0000
trial 0 | epoch 160 | train_acc 1.0000 | valid_acc 0.8211 | asr 0.0000
trial 0 | epoch 180 | train_acc 1.0000 | valid_acc 0.8201 | asr 0.0000
trial 0 | epoch 199 | train_acc 1.0000 | valid_acc 0.8198 | asr 0.0000
trial 1 | epoch 0 | train_acc 0.4587 | valid_acc 0.5073 | asr 0.0000
trial 1 | epoch 20 | train_acc 0.9703 | valid_acc 0.7415 | asr 0.0000
trial 1 | epoch 40 | train_acc 1.0000 | valid_acc 0.8111 | asr 0.0000
trial 1 | epoch 60 | train_acc 1.0000 | valid_acc 0.8126 | asr 0.0000
trial 1 | epoch 80 | train_acc 1.0000 | valid_acc 0.8122 | asr 0.0000
trial 1 | epoch 100 | train_acc 1.0000 | valid_acc 0.8131 | asr 0.0000
trial 1 | epoch 120 | train_acc 1.0000 | valid_acc 0.8125 | asr 0.0000
trial 1 | epoch 140 | train_acc 1.0000 | valid_acc 0.8127 | asr 0.0000
trial 1 | epoch 160 | train_acc 1.0000 | valid_acc 0.8123 | asr 0.0000
trial 1 | epoch 180 | train_acc 1.0000 | valid_acc 0.8129 | asr 0.0000
trial 1 | epoch 199 | train_acc 1.0000 | valid_acc 0.8130 | asr 0.0000
trial 2 | epoch 0 | train_acc 0.4415 | valid_acc 0.4240 | asr 0.0000
trial 2 | epoch 20 | train_acc 0.9722 | valid_acc 0.7742 | asr 0.0000
trial 2 | epoch 40 | train_acc 0.9902 | valid_acc 0.7917 | asr 0.0000
trial 2 | epoch 60 | train_acc 1.0000 | valid_acc 0.8211 | asr 0.0000
trial 2 | epoch 80 | train_acc 1.0000 | valid_acc 0.8237 | asr 0.0000
trial 2 | epoch 100 | train_acc 1.0000 | valid_acc 0.8202 | asr 0.0000
trial 2 | epoch 120 | train_acc 1.0000 | valid_acc 0.8205 | asr 0.0000
trial 2 | epoch 140 | train_acc 1.0000 | valid_acc 0.8208 | asr 0.0000
trial 2 | epoch 160 | train_acc 1.0000 | valid_acc 0.8218 | asr 0.0000
trial 2 | epoch 180 | train_acc 1.0000 | valid_acc 0.8207 | asr 0.0000
trial 2 | epoch 199 | train_acc 1.0000 | valid_acc 0.8220 | asr 0.0000
trial 3 | epoch 0 | train_acc 0.4384 | valid_acc 0.4286 | asr 0.0000
trial 3 | epoch 20 | train_acc 0.9718 | valid_acc 0.7554 | asr 0.0000
trial 3 | epoch 40 | train_acc 0.9953 | valid_acc 0.7968 | asr 0.0000
trial 3 | epoch 60 | train_acc 1.0000 | valid_acc 0.8223 | asr 0.0000
trial 3 | epoch 80 | train_acc 1.0000 | valid_acc 0.8227 | asr 0.0000
trial 3 | epoch 100 | train_acc 1.0000 | valid_acc 0.8228 | asr 0.0000
trial 3 | epoch 120 | train_acc 1.0000 | valid_acc 0.8231 | asr 0.0000
trial 3 | epoch 140 | train_acc 1.0000 | valid_acc 0.8245 | asr 0.0000
trial 3 | epoch 160 | train_acc 1.0000 | valid_acc 0.8222 | asr 0.0000
trial 3 | epoch 180 | train_acc 1.0000 | valid_acc 0.8230 | asr 0.0000
trial 3 | epoch 199 | train_acc 1.0000 | valid_acc 0.8234 | asr 0.0000
{
  "n_trials": 4,
  "valid_acc_mean": 0.81955,
  "valid_acc_std": 0.003993432107849106,
  "attack_success_rate_mean": 0.0,
  "attack_success_rate_std": 0.0
}
